
> Configure project :app
./gradlew : e: file:///C:/Users/aluca/OneDriv
e/Desktop/ia/android/adobe/ajo/aepsdk-messagi
ng-android/ajo-android-template/app/build.gra
dle.kts:16:72: Unresolved reference: 
valueName
En línea: 1 Carácter: 1
+ ./gradlew assembleDebug > build_output.txt 
2>&1
+ ~~~~~~~~~~~~~~~~~~~~~~~~~~~~~~~~~~~~~~~~~~~
~~~~
    + CategoryInfo          : NotSpecified:  
   (e: file:///C:/U...ence: valueName:Strin  
  g) [], RemoteException
    + FullyQualifiedErrorId : NativeCommandE 
   rror
 
e: file:///C:/Users/aluca/OneDrive/Desktop/ia
/android/adobe/ajo/aepsdk-messaging-android/a
jo-android-template/app/build.gradle.kts:41:7
0: Unresolved reference: obtain
e: file:///C:/Users/aluca/OneDrive/Desktop/ia
/android/adobe/ajo/aepsdk-messaging-android/a
jo-android-template/app/build.gradle.kts:42:8
4: Unresolved reference: obtain

FAILURE: Build failed with an exception.

* Where:
Build file 'C:\Users\aluca\OneDrive\Desktop\i
a\android\adobe\ajo\aepsdk-messaging-android\
ajo-android-template\app\build.gradle.kts' 
line: 16

* What went wrong:
Script compilation errors:

  Line 16:     override fun obtain(): 
String? = 
properties.getProperty(parameters.valueName)
                                             
                                     ^ 
Unresolved reference: valueName

  Line 41:         
buildConfigField("String", "ADOBE_APP_ID", 
"\"${env.map { it.obtain() ?: "" }.get()}\"")
                                             
                                   ^ 
Unresolved reference: obtain

  Line 42:         
buildConfigField("String", 
"ADOBE_ASSURANCE_SESSION_ID", "\"${env.map { 
it.obtain() ?: "" }.get()}\"")
                                             
                                             
    ^ Unresolved reference: obtain

3 errors

* Try:
> Run with --stacktrace option to get the 
stack trace.
> Run with --info or --debug option to get 
more log output.
> Run with --scan to get full insights.
> Get more help at https://help.gradle.org.

BUILD FAILED in 13s
